Gateway cache ready: 0 pending, 0 quarantined
WARNING: serial connection failed on COM5 (1x): could not open port 'COM5': FileNotFoundError(2, '╰参тぃ﹚郎', None, 2); retrying in 3s
WARNING: serial connection failed on COM5 (2x): could not open port 'COM5': FileNotFoundError(2, '╰参тぃ﹚郎', None, 2); retrying in 6s
WARNING: serial connection failed on COM5 (3x): could not open port 'COM5': FileNotFoundError(2, '╰参тぃ﹚郎', None, 2); retrying in 12s
WARNING: serial connection failed on COM5 (4x): could not open port 'COM5': FileNotFoundError(2, '╰参тぃ﹚郎', None, 2); retrying in 24s
WARNING: serial connection failed on COM5 (5x): could not open port 'COM5': FileNotFoundError(2, '╰参тぃ﹚郎', None, 2); retrying in 30s
WARNING: serial connection failed on COM5 (6x): could not open port 'COM5': FileNotFoundError(2, '╰参тぃ﹚郎', None, 2); retrying in 30s
WARNING: serial connection failed on COM5 (7x): could not open port 'COM5': FileNotFoundError(2, '╰参тぃ﹚郎', None, 2); retrying in 30s
WARNING: serial connection failed on COM5 (8x): could not open port 'COM5': FileNotFoundError(2, '╰参тぃ﹚郎', None, 2); retrying in 30s
WARNING: serial connection failed on COM5 (9x): could not open port 'COM5': FileNotFoundError(2, '╰参тぃ﹚郎', None, 2); retrying in 30s
WARNING: serial connection failed on COM5 (10x): could not open port 'COM5': FileNotFoundError(2, '╰参тぃ﹚郎', None, 2); retrying in 30s
WARNING: serial connection failed on COM5 (11x): could not open port 'COM5': FileNotFoundError(2, '╰参тぃ﹚郎', None, 2); retrying in 30s
WARNING: serial connection failed on COM5 (12x): could not open port 'COM5': FileNotFoundError(2, '╰参тぃ﹚郎', None, 2); retrying in 30s
WARNING: serial connection failed on COM5 (13x): could not open port 'COM5': FileNotFoundError(2, '╰参тぃ﹚郎', None, 2); retrying in 30s
LoRa gateway listening on COM5 at 115200 baud
Serial connection recovered on COM5; receiving data
WARNING: command poll failed for https://ysz.onrender.com: HTTPSConnectionPool(host='ysz.onrender.com', port=443): Read timed out. (read timeout=3.0)
WARNING: command poll failed for https://ysz.onrender.com: HTTPSConnectionPool(host='ysz.onrender.com', port=443): Read timed out. (read timeout=3.0)
WARNING: command poll failed for https://ysz.onrender.com: HTTPSConnectionPool(host='ysz.onrender.com', port=443): Read timed out. (read timeout=3.0)
WARNING: command poll failed for https://ysz.onrender.com: HTTPSConnectionPool(host='ysz.onrender.com', port=443): Read timed out. (read timeout=3.0)
WARNING: command poll failed for https://ysz.onrender.com: HTTPSConnectionPool(host='ysz.onrender.com', port=443): Read timed out. (read timeout=3.0)
WARNING: command poll failed for https://ysz.onrender.com: HTTPSConnectionPool(host='ysz.onrender.com', port=443): Read timed out. (read timeout=3.0)
WARNING: command poll failed for https://ysz.onrender.com: HTTPSConnectionPool(host='ysz.onrender.com', port=443): Read timed out. (read timeout=3.0)
